Archive member included to satisfy reference by file (symbol)

c:/avr8gnutoolchain/bin/../lib/gcc/avr/7.3.0/avr5\libgcc.a(_exit.o)
                              c:/avr8gnutoolchain/bin/../lib/gcc/avr/7.3.0/../../../../avr/lib/avr5/crtatmega32.o (exit)
c:/avr8gnutoolchain/bin/../lib/gcc/avr/7.3.0/avr5\libgcc.a(_copy_data.o)
                              ./obj/main.o (__do_copy_data)

Discarded input sections

 .data          0x0000000000000000        0x0 c:/avr8gnutoolchain/bin/../lib/gcc/avr/7.3.0/../../../../avr/lib/avr5/crtatmega32.o
 .bss           0x0000000000000000        0x0 c:/avr8gnutoolchain/bin/../lib/gcc/avr/7.3.0/../../../../avr/lib/avr5/crtatmega32.o
 .text          0x0000000000000000        0x0 ./obj/file.o
 .data          0x0000000000000000        0x0 ./obj/file.o
 .bss           0x0000000000000000        0x0 ./obj/file.o
 .group         0x0000000000000000        0x8 ./obj/main.o
 .group         0x0000000000000000        0x8 ./obj/main.o
 .group         0x0000000000000000        0x8 ./obj/main.o
 .group         0x0000000000000000        0x8 ./obj/main.o
 .group         0x0000000000000000        0x8 ./obj/main.o
 .group         0x0000000000000000        0x8 ./obj/main.o
 .text          0x0000000000000000        0x0 ./obj/main.o
 .data          0x0000000000000000        0x0 ./obj/main.o
 .bss           0x0000000000000000        0x0 ./obj/main.o
 .rodata._ZN4mcal3regL4SREGE
                0x0000000000000000        0x1 ./obj/main.o
 .rodata._ZN4mcal3regL3SPHE
                0x0000000000000000        0x1 ./obj/main.o
 .rodata._ZN4mcal3regL3SPLE
                0x0000000000000000        0x1 ./obj/main.o
 .rodata._ZN4mcal3regL4OCR0E
                0x0000000000000000        0x1 ./obj/main.o
 .rodata._ZN4mcal3regL4GICRE
                0x0000000000000000        0x1 ./obj/main.o
 .rodata._ZN4mcal3regL4GIFRE
                0x0000000000000000        0x1 ./obj/main.o
 .rodata._ZN4mcal3regL5TIMSKE
                0x0000000000000000        0x1 ./obj/main.o
 .rodata._ZN4mcal3regL4TIFRE
                0x0000000000000000        0x1 ./obj/main.o
 .rodata._ZN4mcal3regL5SPMCRE
                0x0000000000000000        0x1 ./obj/main.o
 .rodata._ZN4mcal3regL4TWCRE
                0x0000000000000000        0x1 ./obj/main.o
 .rodata._ZN4mcal3regL5MCUCRE
                0x0000000000000000        0x1 ./obj/main.o
 .rodata._ZN4mcal3regL6MCUCSRE
                0x0000000000000000        0x1 ./obj/main.o
 .rodata._ZN4mcal3regL5TCCR0E
                0x0000000000000000        0x1 ./obj/main.o
 .rodata._ZN4mcal3regL5TCNT0E
                0x0000000000000000        0x1 ./obj/main.o
 .rodata._ZN4mcal3regL6OSCCALE
                0x0000000000000000        0x1 ./obj/main.o
 .rodata._ZN4mcal3regL4OCDRE
                0x0000000000000000        0x1 ./obj/main.o
 .rodata._ZN4mcal3regL5SFIORE
                0x0000000000000000        0x1 ./obj/main.o
 .rodata._ZN4mcal3regL6TCCR1AE
                0x0000000000000000        0x1 ./obj/main.o
 .rodata._ZN4mcal3regL6TCCR1BE
                0x0000000000000000        0x1 ./obj/main.o
 .rodata._ZN4mcal3regL6TCNT1HE
                0x0000000000000000        0x1 ./obj/main.o
 .rodata._ZN4mcal3regL6TCNT1LE
                0x0000000000000000        0x1 ./obj/main.o
 .rodata._ZN4mcal3regL6OCR1AHE
                0x0000000000000000        0x1 ./obj/main.o
 .rodata._ZN4mcal3regL6OCR1ALE
                0x0000000000000000        0x1 ./obj/main.o
 .rodata._ZN4mcal3regL6OCR1BHE
                0x0000000000000000        0x1 ./obj/main.o
 .rodata._ZN4mcal3regL6OCR1BLE
                0x0000000000000000        0x1 ./obj/main.o
 .rodata._ZN4mcal3regL5ICR1HE
                0x0000000000000000        0x1 ./obj/main.o
 .rodata._ZN4mcal3regL5ICR1LE
                0x0000000000000000        0x1 ./obj/main.o
 .rodata._ZN4mcal3regL5TCCR2E
                0x0000000000000000        0x1 ./obj/main.o
 .rodata._ZN4mcal3regL5TCNT2E
                0x0000000000000000        0x1 ./obj/main.o
 .rodata._ZN4mcal3regL4OCR2E
                0x0000000000000000        0x1 ./obj/main.o
 .rodata._ZN4mcal3regL4ASSRE
                0x0000000000000000        0x1 ./obj/main.o
 .rodata._ZN4mcal3regL5WDTCRE
                0x0000000000000000        0x1 ./obj/main.o
 .rodata._ZN4mcal3regL5UBRRHE
                0x0000000000000000        0x1 ./obj/main.o
 .rodata._ZN4mcal3regL5UCSRCE
                0x0000000000000000        0x1 ./obj/main.o
 .rodata._ZN4mcal3regL5EEARHE
                0x0000000000000000        0x1 ./obj/main.o
 .rodata._ZN4mcal3regL5EEARLE
                0x0000000000000000        0x1 ./obj/main.o
 .rodata._ZN4mcal3regL4EEDRE
                0x0000000000000000        0x1 ./obj/main.o
 .rodata._ZN4mcal3regL4EECRE
                0x0000000000000000        0x1 ./obj/main.o
 .rodata._ZN4mcal3regL5PORTAE
                0x0000000000000000        0x1 ./obj/main.o
 .rodata._ZN4mcal3regL4DDRAE
                0x0000000000000000        0x1 ./obj/main.o
 .rodata._ZN4mcal3regL4PINAE
                0x0000000000000000        0x1 ./obj/main.o
 .rodata._ZN4mcal3regL5PORTBE
                0x0000000000000000        0x1 ./obj/main.o
 .rodata._ZN4mcal3regL4DDRBE
                0x0000000000000000        0x1 ./obj/main.o
 .rodata._ZN4mcal3regL4PINBE
                0x0000000000000000        0x1 ./obj/main.o
 .rodata._ZN4mcal3regL5PORTCE
                0x0000000000000000        0x1 ./obj/main.o
 .rodata._ZN4mcal3regL4DDRCE
                0x0000000000000000        0x1 ./obj/main.o
 .rodata._ZN4mcal3regL4PINCE
                0x0000000000000000        0x1 ./obj/main.o
 .rodata._ZN4mcal3regL5PORTDE
                0x0000000000000000        0x1 ./obj/main.o
 .rodata._ZN4mcal3regL4DDRDE
                0x0000000000000000        0x1 ./obj/main.o
 .rodata._ZN4mcal3regL4PINDE
                0x0000000000000000        0x1 ./obj/main.o
 .rodata._ZN4mcal3regL4SPDRE
                0x0000000000000000        0x1 ./obj/main.o
 .rodata._ZN4mcal3regL4SPSRE
                0x0000000000000000        0x1 ./obj/main.o
 .rodata._ZN4mcal3regL4SPCRE
                0x0000000000000000        0x1 ./obj/main.o
 .rodata._ZN4mcal3regL3UDRE
                0x0000000000000000        0x1 ./obj/main.o
 .rodata._ZN4mcal3regL5UCSRAE
                0x0000000000000000        0x1 ./obj/main.o
 .rodata._ZN4mcal3regL5UCSRBE
                0x0000000000000000        0x1 ./obj/main.o
 .rodata._ZN4mcal3regL5UBRRLE
                0x0000000000000000        0x1 ./obj/main.o
 .rodata._ZN4mcal3regL4ACSRE
                0x0000000000000000        0x1 ./obj/main.o
 .rodata._ZN4mcal3regL5ADMUXE
                0x0000000000000000        0x1 ./obj/main.o
 .rodata._ZN4mcal3regL6ADCSRAE
                0x0000000000000000        0x1 ./obj/main.o
 .rodata._ZN4mcal3regL4ADCHE
                0x0000000000000000        0x1 ./obj/main.o
 .rodata._ZN4mcal3regL4ADCLE
                0x0000000000000000        0x1 ./obj/main.o
 .rodata._ZN4mcal3regL4TWDRE
                0x0000000000000000        0x1 ./obj/main.o
 .rodata._ZN4mcal3regL4TWARE
                0x0000000000000000        0x1 ./obj/main.o
 .rodata._ZN4mcal3regL4TWSRE
                0x0000000000000000        0x1 ./obj/main.o
 .rodata._ZN4mcal3regL4TWBRE
                0x0000000000000000        0x1 ./obj/main.o
 .rodata._ZN4mcal3regL4bit0E
                0x0000000000000000        0x1 ./obj/main.o
 .rodata._ZN4mcal3regL4bit1E
                0x0000000000000000        0x1 ./obj/main.o
 .rodata._ZN4mcal3regL4bit2E
                0x0000000000000000        0x1 ./obj/main.o
 .rodata._ZN4mcal3regL4bit3E
                0x0000000000000000        0x1 ./obj/main.o
 .rodata._ZN4mcal3regL4bit4E
                0x0000000000000000        0x1 ./obj/main.o
 .rodata._ZN4mcal3regL4bit5E
                0x0000000000000000        0x1 ./obj/main.o
 .rodata._ZN4mcal3regL4bit6E
                0x0000000000000000        0x1 ./obj/main.o
 .rodata._ZN4mcal3regL4bit7E
                0x0000000000000000        0x1 ./obj/main.o
 .text          0x0000000000000000        0x0 c:/avr8gnutoolchain/bin/../lib/gcc/avr/7.3.0/avr5\libgcc.a(_exit.o)
 .data          0x0000000000000000        0x0 c:/avr8gnutoolchain/bin/../lib/gcc/avr/7.3.0/avr5\libgcc.a(_exit.o)
 .bss           0x0000000000000000        0x0 c:/avr8gnutoolchain/bin/../lib/gcc/avr/7.3.0/avr5\libgcc.a(_exit.o)
 .text.libgcc.mul
                0x0000000000000000        0x0 c:/avr8gnutoolchain/bin/../lib/gcc/avr/7.3.0/avr5\libgcc.a(_exit.o)
 .text.libgcc.div
                0x0000000000000000        0x0 c:/avr8gnutoolchain/bin/../lib/gcc/avr/7.3.0/avr5\libgcc.a(_exit.o)
 .text.libgcc   0x0000000000000000        0x0 c:/avr8gnutoolchain/bin/../lib/gcc/avr/7.3.0/avr5\libgcc.a(_exit.o)
 .text.libgcc.prologue
                0x0000000000000000        0x0 c:/avr8gnutoolchain/bin/../lib/gcc/avr/7.3.0/avr5\libgcc.a(_exit.o)
 .text.libgcc.builtins
                0x0000000000000000        0x0 c:/avr8gnutoolchain/bin/../lib/gcc/avr/7.3.0/avr5\libgcc.a(_exit.o)
 .text.libgcc.fmul
                0x0000000000000000        0x0 c:/avr8gnutoolchain/bin/../lib/gcc/avr/7.3.0/avr5\libgcc.a(_exit.o)
 .text.libgcc.fixed
                0x0000000000000000        0x0 c:/avr8gnutoolchain/bin/../lib/gcc/avr/7.3.0/avr5\libgcc.a(_exit.o)
 .text          0x0000000000000000        0x0 c:/avr8gnutoolchain/bin/../lib/gcc/avr/7.3.0/avr5\libgcc.a(_copy_data.o)
 .data          0x0000000000000000        0x0 c:/avr8gnutoolchain/bin/../lib/gcc/avr/7.3.0/avr5\libgcc.a(_copy_data.o)
 .bss           0x0000000000000000        0x0 c:/avr8gnutoolchain/bin/../lib/gcc/avr/7.3.0/avr5\libgcc.a(_copy_data.o)
 .text.libgcc.mul
                0x0000000000000000        0x0 c:/avr8gnutoolchain/bin/../lib/gcc/avr/7.3.0/avr5\libgcc.a(_copy_data.o)
 .text.libgcc.div
                0x0000000000000000        0x0 c:/avr8gnutoolchain/bin/../lib/gcc/avr/7.3.0/avr5\libgcc.a(_copy_data.o)
 .text.libgcc   0x0000000000000000        0x0 c:/avr8gnutoolchain/bin/../lib/gcc/avr/7.3.0/avr5\libgcc.a(_copy_data.o)
 .text.libgcc.prologue
                0x0000000000000000        0x0 c:/avr8gnutoolchain/bin/../lib/gcc/avr/7.3.0/avr5\libgcc.a(_copy_data.o)
 .text.libgcc.builtins
                0x0000000000000000        0x0 c:/avr8gnutoolchain/bin/../lib/gcc/avr/7.3.0/avr5\libgcc.a(_copy_data.o)
 .text.libgcc.fmul
                0x0000000000000000        0x0 c:/avr8gnutoolchain/bin/../lib/gcc/avr/7.3.0/avr5\libgcc.a(_copy_data.o)
 .text.libgcc.fixed
                0x0000000000000000        0x0 c:/avr8gnutoolchain/bin/../lib/gcc/avr/7.3.0/avr5\libgcc.a(_copy_data.o)

Memory Configuration

Name             Origin             Length             Attributes
text             0x0000000000000000 0x0000000000008000 xr
data             0x0000000000800060 0x0000000000000800 rw !x
eeprom           0x0000000000810000 0x0000000000000400 rw !x
fuse             0x0000000000820000 0x0000000000000002 rw !x
lock             0x0000000000830000 0x0000000000000400 rw !x
signature        0x0000000000840000 0x0000000000000400 rw !x
user_signatures  0x0000000000850000 0x0000000000000400 rw !x
*default*        0x0000000000000000 0xffffffffffffffff

Linker script and memory map

LOAD c:/avr8gnutoolchain/bin/../lib/gcc/avr/7.3.0/../../../../avr/lib/avr5/crtatmega32.o
LOAD ./obj/file.o
LOAD ./obj/main.o
LOAD c:/avr8gnutoolchain/bin/../lib/gcc/avr/7.3.0/avr5\libgcc.a
LOAD c:/avr8gnutoolchain/bin/../lib/gcc/avr/7.3.0/../../../../avr/lib/avr5\libm.a
START GROUP
LOAD c:/avr8gnutoolchain/bin/../lib/gcc/avr/7.3.0/avr5\libgcc.a
LOAD c:/avr8gnutoolchain/bin/../lib/gcc/avr/7.3.0/../../../../avr/lib/avr5\libm.a
LOAD c:/avr8gnutoolchain/bin/../lib/gcc/avr/7.3.0/../../../../avr/lib/avr5\libc.a
LOAD c:/avr8gnutoolchain/bin/../lib/gcc/avr/7.3.0/../../../../avr/lib/avr5\libatmega32.a
END GROUP
                0x0000000000000000                __TEXT_REGION_ORIGIN__ = DEFINED (__TEXT_REGION_ORIGIN__)?__TEXT_REGION_ORIGIN__:0x0
                [0x0000000000800060]                __DATA_REGION_ORIGIN__ = DEFINED (__DATA_REGION_ORIGIN__)?__DATA_REGION_ORIGIN__:0x800060
                [0x0000000000008000]                __TEXT_REGION_LENGTH__ = DEFINED (__TEXT_REGION_LENGTH__)?__TEXT_REGION_LENGTH__:0x20000
                [0x0000000000000800]                __DATA_REGION_LENGTH__ = DEFINED (__DATA_REGION_LENGTH__)?__DATA_REGION_LENGTH__:0xffa0
                [0x0000000000000400]                __EEPROM_REGION_LENGTH__ = DEFINED (__EEPROM_REGION_LENGTH__)?__EEPROM_REGION_LENGTH__:0x10000
                [0x0000000000000002]                __FUSE_REGION_LENGTH__ = DEFINED (__FUSE_REGION_LENGTH__)?__FUSE_REGION_LENGTH__:0x400
                0x0000000000000400                __LOCK_REGION_LENGTH__ = DEFINED (__LOCK_REGION_LENGTH__)?__LOCK_REGION_LENGTH__:0x400
                0x0000000000000400                __SIGNATURE_REGION_LENGTH__ = DEFINED (__SIGNATURE_REGION_LENGTH__)?__SIGNATURE_REGION_LENGTH__:0x400
                0x0000000000000400                __USER_SIGNATURE_REGION_LENGTH__ = DEFINED (__USER_SIGNATURE_REGION_LENGTH__)?__USER_SIGNATURE_REGION_LENGTH__:0x400

.hash
 *(.hash)

.dynsym
 *(.dynsym)

.dynstr
 *(.dynstr)

.gnu.version
 *(.gnu.version)

.gnu.version_d
 *(.gnu.version_d)

.gnu.version_r
 *(.gnu.version_r)

.rel.init
 *(.rel.init)

.rela.init
 *(.rela.init)

.rel.text
 *(.rel.text)
 *(.rel.text.*)
 *(.rel.gnu.linkonce.t*)

.rela.text
 *(.rela.text)
 *(.rela.text.*)
 *(.rela.gnu.linkonce.t*)

.rel.fini
 *(.rel.fini)

.rela.fini
 *(.rela.fini)

.rel.rodata
 *(.rel.rodata)
 *(.rel.rodata.*)
 *(.rel.gnu.linkonce.r*)

.rela.rodata
 *(.rela.rodata)
 *(.rela.rodata.*)
 *(.rela.gnu.linkonce.r*)

.rel.data
 *(.rel.data)
 *(.rel.data.*)
 *(.rel.gnu.linkonce.d*)

.rela.data
 *(.rela.data)
 *(.rela.data.*)
 *(.rela.gnu.linkonce.d*)

.rel.ctors
 *(.rel.ctors)

.rela.ctors
 *(.rela.ctors)

.rel.dtors
 *(.rel.dtors)

.rela.dtors
 *(.rela.dtors)

.rel.got
 *(.rel.got)

.rela.got
 *(.rela.got)

.rel.bss
 *(.rel.bss)

.rela.bss
 *(.rela.bss)

.rel.plt
 *(.rel.plt)

.rela.plt
 *(.rela.plt)

.text           0x0000000000000000      0x1c6
 *(.vectors)
 .vectors       0x0000000000000000       0x54 c:/avr8gnutoolchain/bin/../lib/gcc/avr/7.3.0/../../../../avr/lib/avr5/crtatmega32.o
                0x0000000000000000                __vector_default
                0x0000000000000000                __vectors
 *(.vectors)
 *(.progmem.gcc*)
                0x0000000000000054                . = ALIGN (0x2)
                0x0000000000000054                __trampolines_start = .
 *(.trampolines)
 .trampolines   0x0000000000000054        0x0 linker stubs
 *(.trampolines*)
                0x0000000000000054                __trampolines_end = .
 *libprintf_flt.a:*(.progmem.data)
 *libc.a:*(.progmem.data)
 *(.progmem*)
                0x0000000000000054                . = ALIGN (0x2)
 *(.jumptables)
 *(.jumptables*)
 *(.lowtext)
 *(.lowtext*)
                0x0000000000000054                __ctors_start = .
 *(.ctors)
                0x0000000000000054                __ctors_end = .
                0x0000000000000054                __dtors_start = .
 *(.dtors)
                0x0000000000000054                __dtors_end = .
 SORT(*)(.ctors)
 SORT(*)(.dtors)
 *(.init0)
 .init0         0x0000000000000054        0x0 c:/avr8gnutoolchain/bin/../lib/gcc/avr/7.3.0/../../../../avr/lib/avr5/crtatmega32.o
                0x0000000000000054                __init
 *(.init0)
 *(.init1)
 *(.init1)
 *(.init2)
 .init2         0x0000000000000054        0xc c:/avr8gnutoolchain/bin/../lib/gcc/avr/7.3.0/../../../../avr/lib/avr5/crtatmega32.o
 *(.init2)
 *(.init3)
 *(.init3)
 *(.init4)
 .init4         0x0000000000000060       0x16 c:/avr8gnutoolchain/bin/../lib/gcc/avr/7.3.0/avr5\libgcc.a(_copy_data.o)
                0x0000000000000060                __do_copy_data
 *(.init4)
 *(.init5)
 *(.init5)
 *(.init6)
 *(.init6)
 *(.init7)
 *(.init7)
 *(.init8)
 *(.init8)
 *(.init9)
 .init9         0x0000000000000076        0x4 c:/avr8gnutoolchain/bin/../lib/gcc/avr/7.3.0/../../../../avr/lib/avr5/crtatmega32.o
 *(.init9)
 *(.text)
 .text          0x000000000000007a        0x2 c:/avr8gnutoolchain/bin/../lib/gcc/avr/7.3.0/../../../../avr/lib/avr5/crtatmega32.o
                0x000000000000007a                __vector_1
                0x000000000000007a                __vector_12
                0x000000000000007a                __bad_interrupt
                0x000000000000007a                __vector_6
                0x000000000000007a                __vector_3
                0x000000000000007a                __vector_11
                0x000000000000007a                __vector_13
                0x000000000000007a                __vector_17
                0x000000000000007a                __vector_19
                0x000000000000007a                __vector_7
                0x000000000000007a                __vector_5
                0x000000000000007a                __vector_4
                0x000000000000007a                __vector_9
                0x000000000000007a                __vector_2
                0x000000000000007a                __vector_15
                0x000000000000007a                __vector_8
                0x000000000000007a                __vector_14
                0x000000000000007a                __vector_10
                0x000000000000007a                __vector_16
                0x000000000000007a                __vector_18
                0x000000000000007a                __vector_20
                0x000000000000007c                . = ALIGN (0x2)
 *(.text.*)
 .text._Z4waitv
                0x000000000000007c       0x12 ./obj/file.o
                0x000000000000007c                _Z4waitv
 .text.main     0x000000000000008e       0x98 ./obj/main.o
                0x000000000000008e                main
 .text._ZN3DIOIhhLh50ELh0EE10setPinHighEv
                0x0000000000000126       0x12 ./obj/main.o
                0x0000000000000126                _ZN3DIOIhhLh50ELh0EE10setPinHighEv
 .text._ZN3DIOIhhLh50ELh0EE18setDirectionOutputEv
                0x0000000000000138       0x12 ./obj/main.o
                0x0000000000000138                _ZN3DIOIhhLh50ELh0EE18setDirectionOutputEv
 .text._ZN3DIOIhhLh50ELh0EE9setPinLowEv
                0x000000000000014a       0x12 ./obj/main.o
                0x000000000000014a                _ZN3DIOIhhLh50ELh0EE9setPinLowEv
 .text._ZN4mcal3reg15RegStaticAccessIhhLh50ELh0EE6bitSetEv
                0x000000000000015c       0x22 ./obj/main.o
                0x000000000000015c                _ZN4mcal3reg15RegStaticAccessIhhLh50ELh0EE6bitSetEv
 .text._ZN4mcal3reg15RegStaticAccessIhhLh49ELh0EE6bitSetEv
                0x000000000000017e       0x22 ./obj/main.o
                0x000000000000017e                _ZN4mcal3reg15RegStaticAccessIhhLh49ELh0EE6bitSetEv
 .text._ZN4mcal3reg15RegStaticAccessIhhLh50ELh0EE8bitClearEv
                0x00000000000001a0       0x22 ./obj/main.o
                0x00000000000001a0                _ZN4mcal3reg15RegStaticAccessIhhLh50ELh0EE8bitClearEv
                0x00000000000001c2                . = ALIGN (0x2)
 *(.fini9)
 .fini9         0x00000000000001c2        0x0 c:/avr8gnutoolchain/bin/../lib/gcc/avr/7.3.0/avr5\libgcc.a(_exit.o)
                0x00000000000001c2                _exit
                0x00000000000001c2                exit
 *(.fini9)
 *(.fini8)
 *(.fini8)
 *(.fini7)
 *(.fini7)
 *(.fini6)
 *(.fini6)
 *(.fini5)
 *(.fini5)
 *(.fini4)
 *(.fini4)
 *(.fini3)
 *(.fini3)
 *(.fini2)
 *(.fini2)
 *(.fini1)
 *(.fini1)
 *(.fini0)
 .fini0         0x00000000000001c2        0x4 c:/avr8gnutoolchain/bin/../lib/gcc/avr/7.3.0/avr5\libgcc.a(_exit.o)
 *(.fini0)
                0x00000000000001c6                _etext = .

.data           0x0000000000800060        0x0 load address 0x00000000000001c6
                0x0000000000800060                PROVIDE (__data_start, .)
 *(.data)
 *(.data*)
 *(.gnu.linkonce.d*)
 *(.rodata)
 *(.rodata*)
 *(.gnu.linkonce.r*)
                0x0000000000800060                . = ALIGN (0x2)
                0x0000000000800060                _edata = .
                0x0000000000800060                PROVIDE (__data_end, .)

.bss            0x0000000000800060        0x0
                [!provide]                        PROVIDE (__bss_start, .)
 *(.bss)
 *(.bss*)
 *(COMMON)
                [!provide]                        PROVIDE (__bss_end, .)
                0x00000000000001c6                __data_load_start = LOADADDR (.data)
                0x00000000000001c6                __data_load_end = (__data_load_start + SIZEOF (.data))

.noinit         0x0000000000800060        0x0
                [!provide]                        PROVIDE (__noinit_start, .)
 *(.noinit*)
                [!provide]                        PROVIDE (__noinit_end, .)
                0x0000000000800060                _end = .
                [!provide]                        PROVIDE (__heap_start, .)

.eeprom         0x0000000000810000        0x0
 *(.eeprom*)
                0x0000000000810000                __eeprom_end = .

.fuse
 *(.fuse)
 *(.lfuse)
 *(.hfuse)
 *(.efuse)

.lock
 *(.lock*)

.signature
 *(.signature*)

.user_signatures
 *(.user_signatures*)

.stab
 *(.stab)

.stabstr
 *(.stabstr)

.stab.excl
 *(.stab.excl)

.stab.exclstr
 *(.stab.exclstr)

.stab.index
 *(.stab.index)

.stab.indexstr
 *(.stab.indexstr)

.comment        0x0000000000000000       0x30
 *(.comment)
 .comment       0x0000000000000000       0x30 ./obj/file.o
                                         0x31 (size before relaxing)
 .comment       0x0000000000000030       0x31 ./obj/main.o

.note.gnu.avr.deviceinfo
                0x0000000000000000       0x3c
 .note.gnu.avr.deviceinfo
                0x0000000000000000       0x3c c:/avr8gnutoolchain/bin/../lib/gcc/avr/7.3.0/../../../../avr/lib/avr5/crtatmega32.o

.note.gnu.build-id
 *(.note.gnu.build-id)

.debug
 *(.debug)

.line
 *(.line)

.debug_srcinfo
 *(.debug_srcinfo)

.debug_sfnames
 *(.debug_sfnames)

.debug_aranges  0x0000000000000000       0x70
 *(.debug_aranges)
 .debug_aranges
                0x0000000000000000       0x20 ./obj/file.o
 .debug_aranges
                0x0000000000000020       0x50 ./obj/main.o

.debug_pubnames
 *(.debug_pubnames)

.debug_info     0x0000000000000000     0x1064
 *(.debug_info .gnu.linkonce.wi.*)
 .debug_info    0x0000000000000000      0x4e6 c:/avr8gnutoolchain/bin/../lib/gcc/avr/7.3.0/../../../../avr/lib/avr5/crtatmega32.o
 .debug_info    0x00000000000004e6       0x4e ./obj/file.o
 .debug_info    0x0000000000000534      0xb30 ./obj/main.o

.debug_abbrev   0x0000000000000000      0x654
 *(.debug_abbrev)
 .debug_abbrev  0x0000000000000000      0x4a3 c:/avr8gnutoolchain/bin/../lib/gcc/avr/7.3.0/../../../../avr/lib/avr5/crtatmega32.o
 .debug_abbrev  0x00000000000004a3       0x3c ./obj/file.o
 .debug_abbrev  0x00000000000004df      0x175 ./obj/main.o

.debug_line     0x0000000000000000      0x20b
 *(.debug_line .debug_line.* .debug_line_end)
 .debug_line    0x0000000000000000       0x1a c:/avr8gnutoolchain/bin/../lib/gcc/avr/7.3.0/../../../../avr/lib/avr5/crtatmega32.o
 .debug_line    0x000000000000001a       0x3a ./obj/file.o
 .debug_line    0x0000000000000054      0x1b7 ./obj/main.o

.debug_frame    0x0000000000000000      0x128
 *(.debug_frame)
 .debug_frame   0x0000000000000000       0x34 ./obj/file.o
 .debug_frame   0x0000000000000034       0xf4 ./obj/main.o

.debug_str      0x0000000000000000      0xc0f
 *(.debug_str)
 .debug_str     0x0000000000000000      0x196 c:/avr8gnutoolchain/bin/../lib/gcc/avr/7.3.0/../../../../avr/lib/avr5/crtatmega32.o
 .debug_str     0x0000000000000196      0x149 ./obj/file.o
 .debug_str     0x00000000000002df      0x930 ./obj/main.o
                                        0xb28 (size before relaxing)

.debug_loc      0x0000000000000000      0x1e4
 *(.debug_loc)
 .debug_loc     0x0000000000000000       0x3b ./obj/file.o
 .debug_loc     0x000000000000003b      0x1a9 ./obj/main.o

.debug_macinfo
 *(.debug_macinfo)

.debug_weaknames
 *(.debug_weaknames)

.debug_funcnames
 *(.debug_funcnames)

.debug_typenames
 *(.debug_typenames)

.debug_varnames
 *(.debug_varnames)

.debug_pubtypes
 *(.debug_pubtypes)

.debug_ranges   0x0000000000000000       0x50
 *(.debug_ranges)
 .debug_ranges  0x0000000000000000       0x10 ./obj/file.o
 .debug_ranges  0x0000000000000010       0x40 ./obj/main.o

.debug_macro
 *(.debug_macro)
OUTPUT(./bin/a.elf elf32-avr)
LOAD linker stubs
